Command line:
   ./ids_tb_isim_beh.exe
     -intstyle  ise
     -ipchost  localhost
     -ipcport  1041
WARNING:Simulator:16 - For instance UUT/module_regs/, width 48 of formal port
   software_regs is not equal to width 96 of actual.
WARNING:Simulator:679 -  For instance UUT/module_regs/, width 16 of formal port
   hardware_regs is not equal to width 32 of actual variable matches. 

Fri Jan 30 22:58:27 2026

Total Line Count : 2891

 Elaboration Time: 0.0625 sec

 Current Memory Usage: 151.052 Meg

 Total Signals          : 5317
 Total Nets             : 2677
 Total Signal Drivers   : 1492
 Total Blocks           : 1103
 Total Primitive Blocks : 976
 Total Processes        : 2245
 Total Traceable Variables  : 627
 Total Scalar Nets and Variables : 47470
ntrace select -o on -n /ids_tb/in_rdy 
ntrace select -o on -n /ids_tb/out_data 
ntrace select -o on -n /ids_tb/out_ctrl 
ntrace select -o on -n /ids_tb/out_wr 
ntrace select -o on -n /ids_tb/reg_req_out 
ntrace select -o on -n /ids_tb/reg_ack_out 
ntrace select -o on -n /ids_tb/reg_rd_wr_L_out 
ntrace select -o on -n /ids_tb/reg_addr_out 
ntrace select -o on -n /ids_tb/reg_data_out 
ntrace select -o on -n /ids_tb/reg_src_out 
ntrace select -o on -n /ids_tb/PERIOD 
ntrace select -o on -n /ids_tb/DUTY_CYCLE 
ntrace select -o on -n /ids_tb/OFFSET 
ntrace select -o on -n /ids_tb/in_data 
ntrace select -o on -n /ids_tb/in_ctrl 
ntrace select -o on -n /ids_tb/in_wr 
ntrace select -o on -n /ids_tb/out_rdy 
ntrace select -o on -n /ids_tb/reg_req_in 
ntrace select -o on -n /ids_tb/reg_ack_in 
ntrace select -o on -n /ids_tb/reg_rd_wr_L_in 
ntrace select -o on -n /ids_tb/reg_addr_in 
ntrace select -o on -n /ids_tb/reg_data_in 
ntrace select -o on -n /ids_tb/reg_src_in 
ntrace select -o on -n /ids_tb/reset 
ntrace select -o on -n /ids_tb/clk 
ntrace start 
isimrun 1000 ns 
Simulator is doing circuit initialization process.
Finished circuit initialization process.
WARNING:Simulator:29 - at 200.000 ns: Warning: Timing violation in
   /ids_tb/UUT/drop_fifo/XLXI_18/inst/  $recovery( CLKB:200.000 ns, CLKA:200.000
   ns,1.000 ns)

WARNING:Simulator:29 - at 200.000 ns: Warning: Timing violation in
   /ids_tb/UUT/drop_fifo/XLXI_18/inst/  $recovery( CLKA:200.000 ns, CLKB:200.000
   ns,1.000 ns)

WARNING:Simulator:29 - at 300.000 ns: Warning: Timing violation in
   /ids_tb/UUT/drop_fifo/XLXI_18/inst/  $recovery( CLKB:300.000 ns, CLKA:300.000
   ns,1.000 ns)

WARNING:Simulator:29 - at 300.000 ns: Warning: Timing violation in
   /ids_tb/UUT/drop_fifo/XLXI_18/inst/  $recovery( CLKA:300.000 ns, CLKB:300.000
   ns,1.000 ns)

WARNING:Simulator:29 - at 400.000 ns: Warning: Timing violation in
   /ids_tb/UUT/drop_fifo/XLXI_18/inst/  $recovery( CLKB:400.000 ns, CLKA:400.000
   ns,1.000 ns)

WARNING:Simulator:29 - at 400.000 ns: Warning: Timing violation in
   /ids_tb/UUT/drop_fifo/XLXI_18/inst/  $recovery( CLKA:400.000 ns, CLKB:400.000
   ns,1.000 ns)

WARNING:Simulator:29 - at 500.000 ns: Warning: Timing violation in
   /ids_tb/UUT/drop_fifo/XLXI_18/inst/  $recovery( CLKB:500.000 ns, CLKA:500.000
   ns,1.000 ns)

WARNING:Simulator:29 - at 500.000 ns: Warning: Timing violation in
   /ids_tb/UUT/drop_fifo/XLXI_18/inst/  $recovery( CLKA:500.000 ns, CLKB:500.000
   ns,1.000 ns)

WARNING:Simulator:29 - at 600.000 ns: Warning: Timing violation in
   /ids_tb/UUT/drop_fifo/XLXI_18/inst/  $recovery( CLKB:600.000 ns, CLKA:600.000
   ns,1.000 ns)

WARNING:Simulator:29 - at 600.000 ns: Warning: Timing violation in
   /ids_tb/UUT/drop_fifo/XLXI_18/inst/  $recovery( CLKA:600.000 ns, CLKB:600.000
   ns,1.000 ns)

WARNING:Simulator:29 - at 700.000 ns: Warning: Timing violation in
   /ids_tb/UUT/drop_fifo/XLXI_18/inst/  $recovery( CLKB:700.000 ns, CLKA:700.000
   ns,1.000 ns)

WARNING:Simulator:29 - at 700.000 ns: Warning: Timing violation in
   /ids_tb/UUT/drop_fifo/XLXI_18/inst/  $recovery( CLKA:700.000 ns, CLKB:700.000
   ns,1.000 ns)

WARNING:Simulator:29 - at 800.000 ns: Warning: Timing violation in
   /ids_tb/UUT/drop_fifo/XLXI_18/inst/  $recovery( CLKB:800.000 ns, CLKA:800.000
   ns,1.000 ns)

WARNING:Simulator:29 - at 800.000 ns: Warning: Timing violation in
   /ids_tb/UUT/drop_fifo/XLXI_18/inst/  $recovery( CLKA:800.000 ns, CLKB:800.000
   ns,1.000 ns)

WARNING:Simulator:29 - at 900.000 ns: Warning: Timing violation in
   /ids_tb/UUT/drop_fifo/XLXI_18/inst/  $recovery( CLKB:900.000 ns, CLKA:900.000
   ns,1.000 ns)

WARNING:Simulator:29 - at 900.000 ns: Warning: Timing violation in
   /ids_tb/UUT/drop_fifo/XLXI_18/inst/  $recovery( CLKA:900.000 ns, CLKB:900.000
   ns,1.000 ns)

WARNING:Simulator:29 - at 1.000 us: Warning: Timing violation in
   /ids_tb/UUT/drop_fifo/XLXI_18/inst/  $recovery( CLKB:1.000 us, CLKA:1.000
   us,1.000 ns)

WARNING:Simulator:29 - at 1.000 us: Warning: Timing violation in
   /ids_tb/UUT/drop_fifo/XLXI_18/inst/  $recovery( CLKA:1.000 us, CLKB:1.000
   us,1.000 ns)

isimrun 1000 ns 
WARNING:Simulator:29 - at 1.100 us: Warning: Timing violation in
   /ids_tb/UUT/drop_fifo/XLXI_18/inst/  $recovery( CLKB:1.100 us, CLKA:1.100
   us,1.000 ns)

WARNING:Simulator:29 - at 1.100 us: Warning: Timing violation in
   /ids_tb/UUT/drop_fifo/XLXI_18/inst/  $recovery( CLKA:1.100 us, CLKB:1.100
   us,1.000 ns)

WARNING:Simulator:29 - at 1.200 us: Warning: Timing violation in
   /ids_tb/UUT/drop_fifo/XLXI_18/inst/  $recovery( CLKB:1.200 us, CLKA:1.200
   us,1.000 ns)

WARNING:Simulator:29 - at 1.200 us: Warning: Timing violation in
   /ids_tb/UUT/drop_fifo/XLXI_18/inst/  $recovery( CLKA:1.200 us, CLKB:1.200
   us,1.000 ns)

WARNING:Simulator:29 - at 1.300 us: Warning: Timing violation in
   /ids_tb/UUT/drop_fifo/XLXI_18/inst/  $recovery( CLKB:1.300 us, CLKA:1.300
   us,1.000 ns)

WARNING:Simulator:29 - at 1.300 us: Warning: Timing violation in
   /ids_tb/UUT/drop_fifo/XLXI_18/inst/  $recovery( CLKA:1.300 us, CLKB:1.300
   us,1.000 ns)

WARNING:Simulator:29 - at 1.400 us: Warning: Timing violation in
   /ids_tb/UUT/drop_fifo/XLXI_18/inst/  $recovery( CLKB:1.400 us, CLKA:1.400
   us,1.000 ns)

WARNING:Simulator:29 - at 1.400 us: Warning: Timing violation in
   /ids_tb/UUT/drop_fifo/XLXI_18/inst/  $recovery( CLKA:1.400 us, CLKB:1.400
   us,1.000 ns)

WARNING:Simulator:29 - at 1.500 us: Warning: Timing violation in
   /ids_tb/UUT/drop_fifo/XLXI_18/inst/  $recovery( CLKB:1.500 us, CLKA:1.500
   us,1.000 ns)

WARNING:Simulator:29 - at 1.500 us: Warning: Timing violation in
   /ids_tb/UUT/drop_fifo/XLXI_18/inst/  $recovery( CLKA:1.500 us, CLKB:1.500
   us,1.000 ns)

WARNING:Simulator:29 - at 1.600 us: Warning: Timing violation in
   /ids_tb/UUT/drop_fifo/XLXI_18/inst/  $recovery( CLKB:1.600 us, CLKA:1.600
   us,1.000 ns)

WARNING:Simulator:29 - at 1.600 us: Warning: Timing violation in
   /ids_tb/UUT/drop_fifo/XLXI_18/inst/  $recovery( CLKA:1.600 us, CLKB:1.600
   us,1.000 ns)

WARNING:Simulator:29 - at 1.700 us: Warning: Timing violation in
   /ids_tb/UUT/drop_fifo/XLXI_18/inst/  $recovery( CLKB:1.700 us, CLKA:1.700
   us,1.000 ns)

WARNING:Simulator:29 - at 1.700 us: Warning: Timing violation in
   /ids_tb/UUT/drop_fifo/XLXI_18/inst/  $recovery( CLKA:1.700 us, CLKB:1.700
   us,1.000 ns)

WARNING:Simulator:29 - at 1.800 us: Warning: Timing violation in
   /ids_tb/UUT/drop_fifo/XLXI_18/inst/  $recovery( CLKB:1.800 us, CLKA:1.800
   us,1.000 ns)

WARNING:Simulator:29 - at 1.800 us: Warning: Timing violation in
   /ids_tb/UUT/drop_fifo/XLXI_18/inst/  $recovery( CLKA:1.800 us, CLKB:1.800
   us,1.000 ns)

WARNING:Simulator:29 - at 1.900 us: Warning: Timing violation in
   /ids_tb/UUT/drop_fifo/XLXI_18/inst/  $recovery( CLKB:1.900 us, CLKA:1.900
   us,1.000 ns)

WARNING:Simulator:29 - at 1.900 us: Warning: Timing violation in
   /ids_tb/UUT/drop_fifo/XLXI_18/inst/  $recovery( CLKA:1.900 us, CLKB:1.900
   us,1.000 ns)

WARNING:Simulator:29 - at 2.000 us: Warning: Timing violation in
   /ids_tb/UUT/drop_fifo/XLXI_18/inst/  $recovery( CLKB:2.000 us, CLKA:2.000
   us,1.000 ns)

WARNING:Simulator:29 - at 2.000 us: Warning: Timing violation in
   /ids_tb/UUT/drop_fifo/XLXI_18/inst/  $recovery( CLKA:2.000 us, CLKB:2.000
   us,1.000 ns)

isimrun 1000 ns 
WARNING:Simulator:29 - at 2.100 us: Warning: Timing violation in
   /ids_tb/UUT/drop_fifo/XLXI_18/inst/  $recovery( CLKB:2.100 us, CLKA:2.100
   us,1.000 ns)

WARNING:Simulator:29 - at 2.100 us: Warning: Timing violation in
   /ids_tb/UUT/drop_fifo/XLXI_18/inst/  $recovery( CLKA:2.100 us, CLKB:2.100
   us,1.000 ns)

WARNING:Simulator:29 - at 2.200 us: Warning: Timing violation in
   /ids_tb/UUT/drop_fifo/XLXI_18/inst/  $recovery( CLKB:2.200 us, CLKA:2.200
   us,1.000 ns)

WARNING:Simulator:29 - at 2.200 us: Warning: Timing violation in
   /ids_tb/UUT/drop_fifo/XLXI_18/inst/  $recovery( CLKA:2.200 us, CLKB:2.200
   us,1.000 ns)

WARNING:Simulator:29 - at 2.300 us: Warning: Timing violation in
   /ids_tb/UUT/drop_fifo/XLXI_18/inst/  $recovery( CLKB:2.300 us, CLKA:2.300
   us,1.000 ns)

WARNING:Simulator:29 - at 2.300 us: Warning: Timing violation in
   /ids_tb/UUT/drop_fifo/XLXI_18/inst/  $recovery( CLKA:2.300 us, CLKB:2.300
   us,1.000 ns)

WARNING:Simulator:29 - at 2.400 us: Warning: Timing violation in
   /ids_tb/UUT/drop_fifo/XLXI_18/inst/  $recovery( CLKB:2.400 us, CLKA:2.400
   us,1.000 ns)

WARNING:Simulator:29 - at 2.400 us: Warning: Timing violation in
   /ids_tb/UUT/drop_fifo/XLXI_18/inst/  $recovery( CLKA:2.400 us, CLKB:2.400
   us,1.000 ns)

WARNING:Simulator:29 - at 2.500 us: Warning: Timing violation in
   /ids_tb/UUT/drop_fifo/XLXI_18/inst/  $recovery( CLKB:2.500 us, CLKA:2.500
   us,1.000 ns)

WARNING:Simulator:29 - at 2.500 us: Warning: Timing violation in
   /ids_tb/UUT/drop_fifo/XLXI_18/inst/  $recovery( CLKA:2.500 us, CLKB:2.500
   us,1.000 ns)

WARNING:Simulator:29 - at 2.600 us: Warning: Timing violation in
   /ids_tb/UUT/drop_fifo/XLXI_18/inst/  $recovery( CLKB:2.600 us, CLKA:2.600
   us,1.000 ns)

WARNING:Simulator:29 - at 2.600 us: Warning: Timing violation in
   /ids_tb/UUT/drop_fifo/XLXI_18/inst/  $recovery( CLKA:2.600 us, CLKB:2.600
   us,1.000 ns)

WARNING:Simulator:29 - at 2.700 us: Warning: Timing violation in
   /ids_tb/UUT/drop_fifo/XLXI_18/inst/  $recovery( CLKB:2.700 us, CLKA:2.700
   us,1.000 ns)

WARNING:Simulator:29 - at 2.700 us: Warning: Timing violation in
   /ids_tb/UUT/drop_fifo/XLXI_18/inst/  $recovery( CLKA:2.700 us, CLKB:2.700
   us,1.000 ns)

WARNING:Simulator:29 - at 2.800 us: Warning: Timing violation in
   /ids_tb/UUT/drop_fifo/XLXI_18/inst/  $recovery( CLKB:2.800 us, CLKA:2.800
   us,1.000 ns)

WARNING:Simulator:29 - at 2.800 us: Warning: Timing violation in
   /ids_tb/UUT/drop_fifo/XLXI_18/inst/  $recovery( CLKA:2.800 us, CLKB:2.800
   us,1.000 ns)

WARNING:Simulator:29 - at 2.900 us: Warning: Timing violation in
   /ids_tb/UUT/drop_fifo/XLXI_18/inst/  $recovery( CLKB:2.900 us, CLKA:2.900
   us,1.000 ns)

WARNING:Simulator:29 - at 2.900 us: Warning: Timing violation in
   /ids_tb/UUT/drop_fifo/XLXI_18/inst/  $recovery( CLKA:2.900 us, CLKB:2.900
   us,1.000 ns)

WARNING:Simulator:29 - at 3.000 us: Warning: Timing violation in
   /ids_tb/UUT/drop_fifo/XLXI_18/inst/  $recovery( CLKB:3.000 us, CLKA:3.000
   us,1.000 ns)

WARNING:Simulator:29 - at 3.000 us: Warning: Timing violation in
   /ids_tb/UUT/drop_fifo/XLXI_18/inst/  $recovery( CLKA:3.000 us, CLKB:3.000
   us,1.000 ns)

isimrun 1000 ns 
WARNING:Simulator:29 - at 3.100 us: Warning: Timing violation in
   /ids_tb/UUT/drop_fifo/XLXI_18/inst/  $recovery( CLKB:3.100 us, CLKA:3.100
   us,1.000 ns)

WARNING:Simulator:29 - at 3.100 us: Warning: Timing violation in
   /ids_tb/UUT/drop_fifo/XLXI_18/inst/  $recovery( CLKA:3.100 us, CLKB:3.100
   us,1.000 ns)

WARNING:Simulator:29 - at 3.200 us: Warning: Timing violation in
   /ids_tb/UUT/drop_fifo/XLXI_18/inst/  $recovery( CLKB:3.200 us, CLKA:3.200
   us,1.000 ns)

WARNING:Simulator:29 - at 3.200 us: Warning: Timing violation in
   /ids_tb/UUT/drop_fifo/XLXI_18/inst/  $recovery( CLKA:3.200 us, CLKB:3.200
   us,1.000 ns)

WARNING:Simulator:29 - at 3.300 us: Warning: Timing violation in
   /ids_tb/UUT/drop_fifo/XLXI_18/inst/  $recovery( CLKB:3.300 us, CLKA:3.300
   us,1.000 ns)

WARNING:Simulator:29 - at 3.300 us: Warning: Timing violation in
   /ids_tb/UUT/drop_fifo/XLXI_18/inst/  $recovery( CLKA:3.300 us, CLKB:3.300
   us,1.000 ns)

WARNING:Simulator:29 - at 3.400 us: Warning: Timing violation in
   /ids_tb/UUT/drop_fifo/XLXI_18/inst/  $recovery( CLKB:3.400 us, CLKA:3.400
   us,1.000 ns)

WARNING:Simulator:29 - at 3.400 us: Warning: Timing violation in
   /ids_tb/UUT/drop_fifo/XLXI_18/inst/  $recovery( CLKA:3.400 us, CLKB:3.400
   us,1.000 ns)

WARNING:Simulator:29 - at 3.500 us: Warning: Timing violation in
   /ids_tb/UUT/drop_fifo/XLXI_18/inst/  $recovery( CLKB:3.500 us, CLKA:3.500
   us,1.000 ns)

WARNING:Simulator:29 - at 3.500 us: Warning: Timing violation in
   /ids_tb/UUT/drop_fifo/XLXI_18/inst/  $recovery( CLKA:3.500 us, CLKB:3.500
   us,1.000 ns)

WARNING:Simulator:29 - at 3.600 us: Warning: Timing violation in
   /ids_tb/UUT/drop_fifo/XLXI_18/inst/  $recovery( CLKB:3.600 us, CLKA:3.600
   us,1.000 ns)

WARNING:Simulator:29 - at 3.600 us: Warning: Timing violation in
   /ids_tb/UUT/drop_fifo/XLXI_18/inst/  $recovery( CLKA:3.600 us, CLKB:3.600
   us,1.000 ns)

WARNING:Simulator:29 - at 3.700 us: Warning: Timing violation in
   /ids_tb/UUT/drop_fifo/XLXI_18/inst/  $recovery( CLKB:3.700 us, CLKA:3.700
   us,1.000 ns)

WARNING:Simulator:29 - at 3.700 us: Warning: Timing violation in
   /ids_tb/UUT/drop_fifo/XLXI_18/inst/  $recovery( CLKA:3.700 us, CLKB:3.700
   us,1.000 ns)

WARNING:Simulator:29 - at 3.800 us: Warning: Timing violation in
   /ids_tb/UUT/drop_fifo/XLXI_18/inst/  $recovery( CLKB:3.800 us, CLKA:3.800
   us,1.000 ns)

WARNING:Simulator:29 - at 3.800 us: Warning: Timing violation in
   /ids_tb/UUT/drop_fifo/XLXI_18/inst/  $recovery( CLKA:3.800 us, CLKB:3.800
   us,1.000 ns)

WARNING:Simulator:29 - at 3.900 us: Warning: Timing violation in
   /ids_tb/UUT/drop_fifo/XLXI_18/inst/  $recovery( CLKB:3.900 us, CLKA:3.900
   us,1.000 ns)

WARNING:Simulator:29 - at 3.900 us: Warning: Timing violation in
   /ids_tb/UUT/drop_fifo/XLXI_18/inst/  $recovery( CLKA:3.900 us, CLKB:3.900
   us,1.000 ns)

WARNING:Simulator:29 - at 4.000 us: Warning: Timing violation in
   /ids_tb/UUT/drop_fifo/XLXI_18/inst/  $recovery( CLKB:4.000 us, CLKA:4.000
   us,1.000 ns)

WARNING:Simulator:29 - at 4.000 us: Warning: Timing violation in
   /ids_tb/UUT/drop_fifo/XLXI_18/inst/  $recovery( CLKA:4.000 us, CLKB:4.000
   us,1.000 ns)

isimrun 1000 ns 
WARNING:Simulator:29 - at 4.100 us: Warning: Timing violation in
   /ids_tb/UUT/drop_fifo/XLXI_18/inst/  $recovery( CLKB:4.100 us, CLKA:4.100
   us,1.000 ns)

WARNING:Simulator:29 - at 4.100 us: Warning: Timing violation in
   /ids_tb/UUT/drop_fifo/XLXI_18/inst/  $recovery( CLKA:4.100 us, CLKB:4.100
   us,1.000 ns)

WARNING:Simulator:29 - at 4.200 us: Warning: Timing violation in
   /ids_tb/UUT/drop_fifo/XLXI_18/inst/  $recovery( CLKB:4.200 us, CLKA:4.200
   us,1.000 ns)

WARNING:Simulator:29 - at 4.200 us: Warning: Timing violation in
   /ids_tb/UUT/drop_fifo/XLXI_18/inst/  $recovery( CLKA:4.200 us, CLKB:4.200
   us,1.000 ns)

WARNING:Simulator:29 - at 4.300 us: Warning: Timing violation in
   /ids_tb/UUT/drop_fifo/XLXI_18/inst/  $recovery( CLKB:4.300 us, CLKA:4.300
   us,1.000 ns)

WARNING:Simulator:29 - at 4.300 us: Warning: Timing violation in
   /ids_tb/UUT/drop_fifo/XLXI_18/inst/  $recovery( CLKA:4.300 us, CLKB:4.300
   us,1.000 ns)

WARNING:Simulator:29 - at 4.400 us: Warning: Timing violation in
   /ids_tb/UUT/drop_fifo/XLXI_18/inst/  $recovery( CLKB:4.400 us, CLKA:4.400
   us,1.000 ns)

WARNING:Simulator:29 - at 4.400 us: Warning: Timing violation in
   /ids_tb/UUT/drop_fifo/XLXI_18/inst/  $recovery( CLKA:4.400 us, CLKB:4.400
   us,1.000 ns)

WARNING:Simulator:29 - at 4.500 us: Warning: Timing violation in
   /ids_tb/UUT/drop_fifo/XLXI_18/inst/  $recovery( CLKB:4.500 us, CLKA:4.500
   us,1.000 ns)

WARNING:Simulator:29 - at 4.500 us: Warning: Timing violation in
   /ids_tb/UUT/drop_fifo/XLXI_18/inst/  $recovery( CLKA:4.500 us, CLKB:4.500
   us,1.000 ns)

WARNING:Simulator:29 - at 4.600 us: Warning: Timing violation in
   /ids_tb/UUT/drop_fifo/XLXI_18/inst/  $recovery( CLKB:4.600 us, CLKA:4.600
   us,1.000 ns)

WARNING:Simulator:29 - at 4.600 us: Warning: Timing violation in
   /ids_tb/UUT/drop_fifo/XLXI_18/inst/  $recovery( CLKA:4.600 us, CLKB:4.600
   us,1.000 ns)

WARNING:Simulator:29 - at 4.700 us: Warning: Timing violation in
   /ids_tb/UUT/drop_fifo/XLXI_18/inst/  $recovery( CLKB:4.700 us, CLKA:4.700
   us,1.000 ns)

WARNING:Simulator:29 - at 4.700 us: Warning: Timing violation in
   /ids_tb/UUT/drop_fifo/XLXI_18/inst/  $recovery( CLKA:4.700 us, CLKB:4.700
   us,1.000 ns)

WARNING:Simulator:29 - at 4.800 us: Warning: Timing violation in
   /ids_tb/UUT/drop_fifo/XLXI_18/inst/  $recovery( CLKB:4.800 us, CLKA:4.800
   us,1.000 ns)

WARNING:Simulator:29 - at 4.800 us: Warning: Timing violation in
   /ids_tb/UUT/drop_fifo/XLXI_18/inst/  $recovery( CLKA:4.800 us, CLKB:4.800
   us,1.000 ns)

WARNING:Simulator:29 - at 4.900 us: Warning: Timing violation in
   /ids_tb/UUT/drop_fifo/XLXI_18/inst/  $recovery( CLKB:4.900 us, CLKA:4.900
   us,1.000 ns)

WARNING:Simulator:29 - at 4.900 us: Warning: Timing violation in
   /ids_tb/UUT/drop_fifo/XLXI_18/inst/  $recovery( CLKA:4.900 us, CLKB:4.900
   us,1.000 ns)

WARNING:Simulator:29 - at 5.000 us: Warning: Timing violation in
   /ids_tb/UUT/drop_fifo/XLXI_18/inst/  $recovery( CLKB:5.000 us, CLKA:5.000
   us,1.000 ns)

WARNING:Simulator:29 - at 5.000 us: Warning: Timing violation in
   /ids_tb/UUT/drop_fifo/XLXI_18/inst/  $recovery( CLKA:5.000 us, CLKB:5.000
   us,1.000 ns)

isimrun 1000 ns 
WARNING:Simulator:29 - at 5.100 us: Warning: Timing violation in
   /ids_tb/UUT/drop_fifo/XLXI_18/inst/  $recovery( CLKB:5.100 us, CLKA:5.100
   us,1.000 ns)

WARNING:Simulator:29 - at 5.100 us: Warning: Timing violation in
   /ids_tb/UUT/drop_fifo/XLXI_18/inst/  $recovery( CLKA:5.100 us, CLKB:5.100
   us,1.000 ns)

WARNING:Simulator:29 - at 5.200 us: Warning: Timing violation in
   /ids_tb/UUT/drop_fifo/XLXI_18/inst/  $recovery( CLKB:5.200 us, CLKA:5.200
   us,1.000 ns)

WARNING:Simulator:29 - at 5.200 us: Warning: Timing violation in
   /ids_tb/UUT/drop_fifo/XLXI_18/inst/  $recovery( CLKA:5.200 us, CLKB:5.200
   us,1.000 ns)

WARNING:Simulator:29 - at 5.300 us: Warning: Timing violation in
   /ids_tb/UUT/drop_fifo/XLXI_18/inst/  $recovery( CLKB:5.300 us, CLKA:5.300
   us,1.000 ns)

WARNING:Simulator:29 - at 5.300 us: Warning: Timing violation in
   /ids_tb/UUT/drop_fifo/XLXI_18/inst/  $recovery( CLKA:5.300 us, CLKB:5.300
   us,1.000 ns)

WARNING:Simulator:29 - at 5.400 us: Warning: Timing violation in
   /ids_tb/UUT/drop_fifo/XLXI_18/inst/  $recovery( CLKB:5.400 us, CLKA:5.400
   us,1.000 ns)

WARNING:Simulator:29 - at 5.400 us: Warning: Timing violation in
   /ids_tb/UUT/drop_fifo/XLXI_18/inst/  $recovery( CLKA:5.400 us, CLKB:5.400
   us,1.000 ns)

WARNING:Simulator:29 - at 5.500 us: Warning: Timing violation in
   /ids_tb/UUT/drop_fifo/XLXI_18/inst/  $recovery( CLKB:5.500 us, CLKA:5.500
   us,1.000 ns)

WARNING:Simulator:29 - at 5.500 us: Warning: Timing violation in
   /ids_tb/UUT/drop_fifo/XLXI_18/inst/  $recovery( CLKA:5.500 us, CLKB:5.500
   us,1.000 ns)

WARNING:Simulator:29 - at 5.600 us: Warning: Timing violation in
   /ids_tb/UUT/drop_fifo/XLXI_18/inst/  $recovery( CLKB:5.600 us, CLKA:5.600
   us,1.000 ns)

WARNING:Simulator:29 - at 5.600 us: Warning: Timing violation in
   /ids_tb/UUT/drop_fifo/XLXI_18/inst/  $recovery( CLKA:5.600 us, CLKB:5.600
   us,1.000 ns)

WARNING:Simulator:29 - at 5.700 us: Warning: Timing violation in
   /ids_tb/UUT/drop_fifo/XLXI_18/inst/  $recovery( CLKB:5.700 us, CLKA:5.700
   us,1.000 ns)

WARNING:Simulator:29 - at 5.700 us: Warning: Timing violation in
   /ids_tb/UUT/drop_fifo/XLXI_18/inst/  $recovery( CLKA:5.700 us, CLKB:5.700
   us,1.000 ns)

WARNING:Simulator:29 - at 5.800 us: Warning: Timing violation in
   /ids_tb/UUT/drop_fifo/XLXI_18/inst/  $recovery( CLKB:5.800 us, CLKA:5.800
   us,1.000 ns)

WARNING:Simulator:29 - at 5.800 us: Warning: Timing violation in
   /ids_tb/UUT/drop_fifo/XLXI_18/inst/  $recovery( CLKA:5.800 us, CLKB:5.800
   us,1.000 ns)

WARNING:Simulator:29 - at 5.900 us: Warning: Timing violation in
   /ids_tb/UUT/drop_fifo/XLXI_18/inst/  $recovery( CLKB:5.900 us, CLKA:5.900
   us,1.000 ns)

WARNING:Simulator:29 - at 5.900 us: Warning: Timing violation in
   /ids_tb/UUT/drop_fifo/XLXI_18/inst/  $recovery( CLKA:5.900 us, CLKB:5.900
   us,1.000 ns)

WARNING:Simulator:29 - at 6.000 us: Warning: Timing violation in
   /ids_tb/UUT/drop_fifo/XLXI_18/inst/  $recovery( CLKB:6.000 us, CLKA:6.000
   us,1.000 ns)

WARNING:Simulator:29 - at 6.000 us: Warning: Timing violation in
   /ids_tb/UUT/drop_fifo/XLXI_18/inst/  $recovery( CLKA:6.000 us, CLKB:6.000
   us,1.000 ns)

isimrun 1000 ns 
WARNING:Simulator:29 - at 6.100 us: Warning: Timing violation in
   /ids_tb/UUT/drop_fifo/XLXI_18/inst/  $recovery( CLKB:6.100 us, CLKA:6.100
   us,1.000 ns)

WARNING:Simulator:29 - at 6.100 us: Warning: Timing violation in
   /ids_tb/UUT/drop_fifo/XLXI_18/inst/  $recovery( CLKA:6.100 us, CLKB:6.100
   us,1.000 ns)

WARNING:Simulator:29 - at 6.200 us: Warning: Timing violation in
   /ids_tb/UUT/drop_fifo/XLXI_18/inst/  $recovery( CLKB:6.200 us, CLKA:6.200
   us,1.000 ns)

WARNING:Simulator:29 - at 6.200 us: Warning: Timing violation in
   /ids_tb/UUT/drop_fifo/XLXI_18/inst/  $recovery( CLKA:6.200 us, CLKB:6.200
   us,1.000 ns)

WARNING:Simulator:29 - at 6.300 us: Warning: Timing violation in
   /ids_tb/UUT/drop_fifo/XLXI_18/inst/  $recovery( CLKB:6.300 us, CLKA:6.300
   us,1.000 ns)

WARNING:Simulator:29 - at 6.300 us: Warning: Timing violation in
   /ids_tb/UUT/drop_fifo/XLXI_18/inst/  $recovery( CLKA:6.300 us, CLKB:6.300
   us,1.000 ns)

WARNING:Simulator:29 - at 6.400 us: Warning: Timing violation in
   /ids_tb/UUT/drop_fifo/XLXI_18/inst/  $recovery( CLKB:6.400 us, CLKA:6.400
   us,1.000 ns)

WARNING:Simulator:29 - at 6.400 us: Warning: Timing violation in
   /ids_tb/UUT/drop_fifo/XLXI_18/inst/  $recovery( CLKA:6.400 us, CLKB:6.400
   us,1.000 ns)

WARNING:Simulator:29 - at 6.500 us: Warning: Timing violation in
   /ids_tb/UUT/drop_fifo/XLXI_18/inst/  $recovery( CLKB:6.500 us, CLKA:6.500
   us,1.000 ns)

WARNING:Simulator:29 - at 6.500 us: Warning: Timing violation in
   /ids_tb/UUT/drop_fifo/XLXI_18/inst/  $recovery( CLKA:6.500 us, CLKB:6.500
   us,1.000 ns)

WARNING:Simulator:29 - at 6.600 us: Warning: Timing violation in
   /ids_tb/UUT/drop_fifo/XLXI_18/inst/  $recovery( CLKB:6.600 us, CLKA:6.600
   us,1.000 ns)

WARNING:Simulator:29 - at 6.600 us: Warning: Timing violation in
   /ids_tb/UUT/drop_fifo/XLXI_18/inst/  $recovery( CLKA:6.600 us, CLKB:6.600
   us,1.000 ns)

WARNING:Simulator:29 - at 6.700 us: Warning: Timing violation in
   /ids_tb/UUT/drop_fifo/XLXI_18/inst/  $recovery( CLKB:6.700 us, CLKA:6.700
   us,1.000 ns)

WARNING:Simulator:29 - at 6.700 us: Warning: Timing violation in
   /ids_tb/UUT/drop_fifo/XLXI_18/inst/  $recovery( CLKA:6.700 us, CLKB:6.700
   us,1.000 ns)

WARNING:Simulator:29 - at 6.800 us: Warning: Timing violation in
   /ids_tb/UUT/drop_fifo/XLXI_18/inst/  $recovery( CLKB:6.800 us, CLKA:6.800
   us,1.000 ns)

WARNING:Simulator:29 - at 6.800 us: Warning: Timing violation in
   /ids_tb/UUT/drop_fifo/XLXI_18/inst/  $recovery( CLKA:6.800 us, CLKB:6.800
   us,1.000 ns)

WARNING:Simulator:29 - at 6.900 us: Warning: Timing violation in
   /ids_tb/UUT/drop_fifo/XLXI_18/inst/  $recovery( CLKB:6.900 us, CLKA:6.900
   us,1.000 ns)

WARNING:Simulator:29 - at 6.900 us: Warning: Timing violation in
   /ids_tb/UUT/drop_fifo/XLXI_18/inst/  $recovery( CLKA:6.900 us, CLKB:6.900
   us,1.000 ns)

WARNING:Simulator:29 - at 7.000 us: Warning: Timing violation in
   /ids_tb/UUT/drop_fifo/XLXI_18/inst/  $recovery( CLKB:7.000 us, CLKA:7.000
   us,1.000 ns)

WARNING:Simulator:29 - at 7.000 us: Warning: Timing violation in
   /ids_tb/UUT/drop_fifo/XLXI_18/inst/  $recovery( CLKA:7.000 us, CLKB:7.000
   us,1.000 ns)

isimrun 1000 ns 
WARNING:Simulator:29 - at 7.100 us: Warning: Timing violation in
   /ids_tb/UUT/drop_fifo/XLXI_18/inst/  $recovery( CLKB:7.100 us, CLKA:7.100
   us,1.000 ns)

WARNING:Simulator:29 - at 7.100 us: Warning: Timing violation in
   /ids_tb/UUT/drop_fifo/XLXI_18/inst/  $recovery( CLKA:7.100 us, CLKB:7.100
   us,1.000 ns)

WARNING:Simulator:29 - at 7.200 us: Warning: Timing violation in
   /ids_tb/UUT/drop_fifo/XLXI_18/inst/  $recovery( CLKB:7.200 us, CLKA:7.200
   us,1.000 ns)

WARNING:Simulator:29 - at 7.200 us: Warning: Timing violation in
   /ids_tb/UUT/drop_fifo/XLXI_18/inst/  $recovery( CLKA:7.200 us, CLKB:7.200
   us,1.000 ns)

WARNING:Simulator:29 - at 7.300 us: Warning: Timing violation in
   /ids_tb/UUT/drop_fifo/XLXI_18/inst/  $recovery( CLKB:7.300 us, CLKA:7.300
   us,1.000 ns)

WARNING:Simulator:29 - at 7.300 us: Warning: Timing violation in
   /ids_tb/UUT/drop_fifo/XLXI_18/inst/  $recovery( CLKA:7.300 us, CLKB:7.300
   us,1.000 ns)

WARNING:Simulator:29 - at 7.400 us: Warning: Timing violation in
   /ids_tb/UUT/drop_fifo/XLXI_18/inst/  $recovery( CLKB:7.400 us, CLKA:7.400
   us,1.000 ns)

WARNING:Simulator:29 - at 7.400 us: Warning: Timing violation in
   /ids_tb/UUT/drop_fifo/XLXI_18/inst/  $recovery( CLKA:7.400 us, CLKB:7.400
   us,1.000 ns)

WARNING:Simulator:29 - at 7.500 us: Warning: Timing violation in
   /ids_tb/UUT/drop_fifo/XLXI_18/inst/  $recovery( CLKB:7.500 us, CLKA:7.500
   us,1.000 ns)

WARNING:Simulator:29 - at 7.500 us: Warning: Timing violation in
   /ids_tb/UUT/drop_fifo/XLXI_18/inst/  $recovery( CLKA:7.500 us, CLKB:7.500
   us,1.000 ns)

WARNING:Simulator:29 - at 7.600 us: Warning: Timing violation in
   /ids_tb/UUT/drop_fifo/XLXI_18/inst/  $recovery( CLKB:7.600 us, CLKA:7.600
   us,1.000 ns)

WARNING:Simulator:29 - at 7.600 us: Warning: Timing violation in
   /ids_tb/UUT/drop_fifo/XLXI_18/inst/  $recovery( CLKA:7.600 us, CLKB:7.600
   us,1.000 ns)

WARNING:Simulator:29 - at 7.700 us: Warning: Timing violation in
   /ids_tb/UUT/drop_fifo/XLXI_18/inst/  $recovery( CLKB:7.700 us, CLKA:7.700
   us,1.000 ns)

WARNING:Simulator:29 - at 7.700 us: Warning: Timing violation in
   /ids_tb/UUT/drop_fifo/XLXI_18/inst/  $recovery( CLKA:7.700 us, CLKB:7.700
   us,1.000 ns)

WARNING:Simulator:29 - at 7.800 us: Warning: Timing violation in
   /ids_tb/UUT/drop_fifo/XLXI_18/inst/  $recovery( CLKB:7.800 us, CLKA:7.800
   us,1.000 ns)

WARNING:Simulator:29 - at 7.800 us: Warning: Timing violation in
   /ids_tb/UUT/drop_fifo/XLXI_18/inst/  $recovery( CLKA:7.800 us, CLKB:7.800
   us,1.000 ns)

WARNING:Simulator:29 - at 7.900 us: Warning: Timing violation in
   /ids_tb/UUT/drop_fifo/XLXI_18/inst/  $recovery( CLKB:7.900 us, CLKA:7.900
   us,1.000 ns)

WARNING:Simulator:29 - at 7.900 us: Warning: Timing violation in
   /ids_tb/UUT/drop_fifo/XLXI_18/inst/  $recovery( CLKA:7.900 us, CLKB:7.900
   us,1.000 ns)

WARNING:Simulator:29 - at 8.000 us: Warning: Timing violation in
   /ids_tb/UUT/drop_fifo/XLXI_18/inst/  $recovery( CLKB:8.000 us, CLKA:8.000
   us,1.000 ns)

WARNING:Simulator:29 - at 8.000 us: Warning: Timing violation in
   /ids_tb/UUT/drop_fifo/XLXI_18/inst/  $recovery( CLKA:8.000 us, CLKB:8.000
   us,1.000 ns)

isimrun 1000 ns 
WARNING:Simulator:29 - at 8.100 us: Warning: Timing violation in
   /ids_tb/UUT/drop_fifo/XLXI_18/inst/  $recovery( CLKB:8.100 us, CLKA:8.100
   us,1.000 ns)

WARNING:Simulator:29 - at 8.100 us: Warning: Timing violation in
   /ids_tb/UUT/drop_fifo/XLXI_18/inst/  $recovery( CLKA:8.100 us, CLKB:8.100
   us,1.000 ns)

WARNING:Simulator:29 - at 8.200 us: Warning: Timing violation in
   /ids_tb/UUT/drop_fifo/XLXI_18/inst/  $recovery( CLKB:8.200 us, CLKA:8.200
   us,1.000 ns)

WARNING:Simulator:29 - at 8.200 us: Warning: Timing violation in
   /ids_tb/UUT/drop_fifo/XLXI_18/inst/  $recovery( CLKA:8.200 us, CLKB:8.200
   us,1.000 ns)

WARNING:Simulator:29 - at 8.300 us: Warning: Timing violation in
   /ids_tb/UUT/drop_fifo/XLXI_18/inst/  $recovery( CLKB:8.300 us, CLKA:8.300
   us,1.000 ns)

WARNING:Simulator:29 - at 8.300 us: Warning: Timing violation in
   /ids_tb/UUT/drop_fifo/XLXI_18/inst/  $recovery( CLKA:8.300 us, CLKB:8.300
   us,1.000 ns)

WARNING:Simulator:29 - at 8.400 us: Warning: Timing violation in
   /ids_tb/UUT/drop_fifo/XLXI_18/inst/  $recovery( CLKB:8.400 us, CLKA:8.400
   us,1.000 ns)

WARNING:Simulator:29 - at 8.400 us: Warning: Timing violation in
   /ids_tb/UUT/drop_fifo/XLXI_18/inst/  $recovery( CLKA:8.400 us, CLKB:8.400
   us,1.000 ns)

WARNING:Simulator:29 - at 8.500 us: Warning: Timing violation in
   /ids_tb/UUT/drop_fifo/XLXI_18/inst/  $recovery( CLKB:8.500 us, CLKA:8.500
   us,1.000 ns)

WARNING:Simulator:29 - at 8.500 us: Warning: Timing violation in
   /ids_tb/UUT/drop_fifo/XLXI_18/inst/  $recovery( CLKA:8.500 us, CLKB:8.500
   us,1.000 ns)

WARNING:Simulator:29 - at 8.600 us: Warning: Timing violation in
   /ids_tb/UUT/drop_fifo/XLXI_18/inst/  $recovery( CLKB:8.600 us, CLKA:8.600
   us,1.000 ns)

WARNING:Simulator:29 - at 8.600 us: Warning: Timing violation in
   /ids_tb/UUT/drop_fifo/XLXI_18/inst/  $recovery( CLKA:8.600 us, CLKB:8.600
   us,1.000 ns)

WARNING:Simulator:29 - at 8.700 us: Warning: Timing violation in
   /ids_tb/UUT/drop_fifo/XLXI_18/inst/  $recovery( CLKB:8.700 us, CLKA:8.700
   us,1.000 ns)

WARNING:Simulator:29 - at 8.700 us: Warning: Timing violation in
   /ids_tb/UUT/drop_fifo/XLXI_18/inst/  $recovery( CLKA:8.700 us, CLKB:8.700
   us,1.000 ns)

WARNING:Simulator:29 - at 8.800 us: Warning: Timing violation in
   /ids_tb/UUT/drop_fifo/XLXI_18/inst/  $recovery( CLKB:8.800 us, CLKA:8.800
   us,1.000 ns)

WARNING:Simulator:29 - at 8.800 us: Warning: Timing violation in
   /ids_tb/UUT/drop_fifo/XLXI_18/inst/  $recovery( CLKA:8.800 us, CLKB:8.800
   us,1.000 ns)

WARNING:Simulator:29 - at 8.900 us: Warning: Timing violation in
   /ids_tb/UUT/drop_fifo/XLXI_18/inst/  $recovery( CLKB:8.900 us, CLKA:8.900
   us,1.000 ns)

WARNING:Simulator:29 - at 8.900 us: Warning: Timing violation in
   /ids_tb/UUT/drop_fifo/XLXI_18/inst/  $recovery( CLKA:8.900 us, CLKB:8.900
   us,1.000 ns)

WARNING:Simulator:29 - at 9.000 us: Warning: Timing violation in
   /ids_tb/UUT/drop_fifo/XLXI_18/inst/  $recovery( CLKB:9.000 us, CLKA:9.000
   us,1.000 ns)

WARNING:Simulator:29 - at 9.000 us: Warning: Timing violation in
   /ids_tb/UUT/drop_fifo/XLXI_18/inst/  $recovery( CLKA:9.000 us, CLKB:9.000
   us,1.000 ns)

isimrun 1000 ns 
WARNING:Simulator:29 - at 9.100 us: Warning: Timing violation in
   /ids_tb/UUT/drop_fifo/XLXI_18/inst/  $recovery( CLKB:9.100 us, CLKA:9.100
   us,1.000 ns)

WARNING:Simulator:29 - at 9.100 us: Warning: Timing violation in
   /ids_tb/UUT/drop_fifo/XLXI_18/inst/  $recovery( CLKA:9.100 us, CLKB:9.100
   us,1.000 ns)

WARNING:Simulator:29 - at 9.200 us: Warning: Timing violation in
   /ids_tb/UUT/drop_fifo/XLXI_18/inst/  $recovery( CLKB:9.200 us, CLKA:9.200
   us,1.000 ns)

WARNING:Simulator:29 - at 9.200 us: Warning: Timing violation in
   /ids_tb/UUT/drop_fifo/XLXI_18/inst/  $recovery( CLKA:9.200 us, CLKB:9.200
   us,1.000 ns)

WARNING:Simulator:29 - at 9.300 us: Warning: Timing violation in
   /ids_tb/UUT/drop_fifo/XLXI_18/inst/  $recovery( CLKB:9.300 us, CLKA:9.300
   us,1.000 ns)

WARNING:Simulator:29 - at 9.300 us: Warning: Timing violation in
   /ids_tb/UUT/drop_fifo/XLXI_18/inst/  $recovery( CLKA:9.300 us, CLKB:9.300
   us,1.000 ns)

WARNING:Simulator:29 - at 9.400 us: Warning: Timing violation in
   /ids_tb/UUT/drop_fifo/XLXI_18/inst/  $recovery( CLKB:9.400 us, CLKA:9.400
   us,1.000 ns)

WARNING:Simulator:29 - at 9.400 us: Warning: Timing violation in
   /ids_tb/UUT/drop_fifo/XLXI_18/inst/  $recovery( CLKA:9.400 us, CLKB:9.400
   us,1.000 ns)

WARNING:Simulator:29 - at 9.500 us: Warning: Timing violation in
   /ids_tb/UUT/drop_fifo/XLXI_18/inst/  $recovery( CLKB:9.500 us, CLKA:9.500
   us,1.000 ns)

WARNING:Simulator:29 - at 9.500 us: Warning: Timing violation in
   /ids_tb/UUT/drop_fifo/XLXI_18/inst/  $recovery( CLKA:9.500 us, CLKB:9.500
   us,1.000 ns)

WARNING:Simulator:29 - at 9.600 us: Warning: Timing violation in
   /ids_tb/UUT/drop_fifo/XLXI_18/inst/  $recovery( CLKB:9.600 us, CLKA:9.600
   us,1.000 ns)

WARNING:Simulator:29 - at 9.600 us: Warning: Timing violation in
   /ids_tb/UUT/drop_fifo/XLXI_18/inst/  $recovery( CLKA:9.600 us, CLKB:9.600
   us,1.000 ns)

WARNING:Simulator:29 - at 9.700 us: Warning: Timing violation in
   /ids_tb/UUT/drop_fifo/XLXI_18/inst/  $recovery( CLKB:9.700 us, CLKA:9.700
   us,1.000 ns)

WARNING:Simulator:29 - at 9.700 us: Warning: Timing violation in
   /ids_tb/UUT/drop_fifo/XLXI_18/inst/  $recovery( CLKA:9.700 us, CLKB:9.700
   us,1.000 ns)

WARNING:Simulator:29 - at 9.800 us: Warning: Timing violation in
   /ids_tb/UUT/drop_fifo/XLXI_18/inst/  $recovery( CLKB:9.800 us, CLKA:9.800
   us,1.000 ns)

WARNING:Simulator:29 - at 9.800 us: Warning: Timing violation in
   /ids_tb/UUT/drop_fifo/XLXI_18/inst/  $recovery( CLKA:9.800 us, CLKB:9.800
   us,1.000 ns)

WARNING:Simulator:29 - at 9.900 us: Warning: Timing violation in
   /ids_tb/UUT/drop_fifo/XLXI_18/inst/  $recovery( CLKB:9.900 us, CLKA:9.900
   us,1.000 ns)

WARNING:Simulator:29 - at 9.900 us: Warning: Timing violation in
   /ids_tb/UUT/drop_fifo/XLXI_18/inst/  $recovery( CLKA:9.900 us, CLKB:9.900
   us,1.000 ns)

WARNING:Simulator:29 - at 10.000 us: Warning: Timing violation in
   /ids_tb/UUT/drop_fifo/XLXI_18/inst/  $recovery( CLKB:10.000 us, CLKA:10.000
   us,1.000 ns)

WARNING:Simulator:29 - at 10.000 us: Warning: Timing violation in
   /ids_tb/UUT/drop_fifo/XLXI_18/inst/  $recovery( CLKA:10.000 us, CLKB:10.000
   us,1.000 ns)

isimrun 1000 ns 
WARNING:Simulator:29 - at 10.100 us: Warning: Timing violation in
   /ids_tb/UUT/drop_fifo/XLXI_18/inst/  $recovery( CLKB:10.100 us, CLKA:10.100
   us,1.000 ns)

WARNING:Simulator:29 - at 10.100 us: Warning: Timing violation in
   /ids_tb/UUT/drop_fifo/XLXI_18/inst/  $recovery( CLKA:10.100 us, CLKB:10.100
   us,1.000 ns)

WARNING:Simulator:29 - at 10.200 us: Warning: Timing violation in
   /ids_tb/UUT/drop_fifo/XLXI_18/inst/  $recovery( CLKB:10.200 us, CLKA:10.200
   us,1.000 ns)

WARNING:Simulator:29 - at 10.200 us: Warning: Timing violation in
   /ids_tb/UUT/drop_fifo/XLXI_18/inst/  $recovery( CLKA:10.200 us, CLKB:10.200
   us,1.000 ns)

WARNING:Simulator:29 - at 10.300 us: Warning: Timing violation in
   /ids_tb/UUT/drop_fifo/XLXI_18/inst/  $recovery( CLKB:10.300 us, CLKA:10.300
   us,1.000 ns)

WARNING:Simulator:29 - at 10.300 us: Warning: Timing violation in
   /ids_tb/UUT/drop_fifo/XLXI_18/inst/  $recovery( CLKA:10.300 us, CLKB:10.300
   us,1.000 ns)

WARNING:Simulator:29 - at 10.400 us: Warning: Timing violation in
   /ids_tb/UUT/drop_fifo/XLXI_18/inst/  $recovery( CLKB:10.400 us, CLKA:10.400
   us,1.000 ns)

WARNING:Simulator:29 - at 10.400 us: Warning: Timing violation in
   /ids_tb/UUT/drop_fifo/XLXI_18/inst/  $recovery( CLKA:10.400 us, CLKB:10.400
   us,1.000 ns)

WARNING:Simulator:29 - at 10.500 us: Warning: Timing violation in
   /ids_tb/UUT/drop_fifo/XLXI_18/inst/  $recovery( CLKB:10.500 us, CLKA:10.500
   us,1.000 ns)

WARNING:Simulator:29 - at 10.500 us: Warning: Timing violation in
   /ids_tb/UUT/drop_fifo/XLXI_18/inst/  $recovery( CLKA:10.500 us, CLKB:10.500
   us,1.000 ns)

WARNING:Simulator:29 - at 10.600 us: Warning: Timing violation in
   /ids_tb/UUT/drop_fifo/XLXI_18/inst/  $recovery( CLKB:10.600 us, CLKA:10.600
   us,1.000 ns)

WARNING:Simulator:29 - at 10.600 us: Warning: Timing violation in
   /ids_tb/UUT/drop_fifo/XLXI_18/inst/  $recovery( CLKA:10.600 us, CLKB:10.600
   us,1.000 ns)

WARNING:Simulator:29 - at 10.700 us: Warning: Timing violation in
   /ids_tb/UUT/drop_fifo/XLXI_18/inst/  $recovery( CLKB:10.700 us, CLKA:10.700
   us,1.000 ns)

WARNING:Simulator:29 - at 10.700 us: Warning: Timing violation in
   /ids_tb/UUT/drop_fifo/XLXI_18/inst/  $recovery( CLKA:10.700 us, CLKB:10.700
   us,1.000 ns)

WARNING:Simulator:29 - at 10.800 us: Warning: Timing violation in
   /ids_tb/UUT/drop_fifo/XLXI_18/inst/  $recovery( CLKB:10.800 us, CLKA:10.800
   us,1.000 ns)

WARNING:Simulator:29 - at 10.800 us: Warning: Timing violation in
   /ids_tb/UUT/drop_fifo/XLXI_18/inst/  $recovery( CLKA:10.800 us, CLKB:10.800
   us,1.000 ns)

WARNING:Simulator:29 - at 10.900 us: Warning: Timing violation in
   /ids_tb/UUT/drop_fifo/XLXI_18/inst/  $recovery( CLKB:10.900 us, CLKA:10.900
   us,1.000 ns)

WARNING:Simulator:29 - at 10.900 us: Warning: Timing violation in
   /ids_tb/UUT/drop_fifo/XLXI_18/inst/  $recovery( CLKA:10.900 us, CLKB:10.900
   us,1.000 ns)

WARNING:Simulator:29 - at 11.000 us: Warning: Timing violation in
   /ids_tb/UUT/drop_fifo/XLXI_18/inst/  $recovery( CLKB:11.000 us, CLKA:11.000
   us,1.000 ns)

WARNING:Simulator:29 - at 11.000 us: Warning: Timing violation in
   /ids_tb/UUT/drop_fifo/XLXI_18/inst/  $recovery( CLKA:11.000 us, CLKB:11.000
   us,1.000 ns)


 Total Simulation Time: 0.125 sec

 Current Memory Usage: 160.489 Meg

Fri Jan 30 23:08:42 2026

